CUYAHOGA_OH:CUYAHOGA_OH-00001
CUYAHOGA_OH:CUYAHOGA_OH-00002
CUYAHOGA_OH:CUYAHOGA_OH-00003
SHELBY_TN:SHELBY_TN-00001
SHELBY_TN:SHELBY_TN-00002
SHELBY_TN:SHELBY_TN-00003
HARRIS_TX:HARRIS_TX-00001
HARRIS_TX:HARRIS_TX-00002
HARRIS_TX:HARRIS_TX-00003
JEFFERSON_AL:JEFFERSON_AL-00001
JEFFERSON_AL:JEFFERSON_AL-00002
JEFFERSON_AL:JEFFERSON_AL-00003
DUVAL_FL:DUVAL_FL-00001
DUVAL_FL:DUVAL_FL-00002
DUVAL_FL:DUVAL_FL-00003
CUYAHOGA_OH:CUYAHOGA_OH-00001
CUYAHOGA_OH:CUYAHOGA_OH-00002
CUYAHOGA_OH:CUYAHOGA_OH-00003
CUYAHOGA_OH:CUYAHOGA_OH-00004
CUYAHOGA_OH:CUYAHOGA_OH-00005
CUYAHOGA_OH:CUYAHOGA_OH-00006
CUYAHOGA_OH:CUYAHOGA_OH-00007
CUYAHOGA_OH:CUYAHOGA_OH-00008
CUYAHOGA_OH:CUYAHOGA_OH-00009
CUYAHOGA_OH:CUYAHOGA_OH-00010
SHELBY_TN:SHELBY_TN-00001
SHELBY_TN:SHELBY_TN-00002
SHELBY_TN:SHELBY_TN-00003
SHELBY_TN:SHELBY_TN-00004
SHELBY_TN:SHELBY_TN-00005
SHELBY_TN:SHELBY_TN-00006
SHELBY_TN:SHELBY_TN-00007
SHELBY_TN:SHELBY_TN-00008
SHELBY_TN:SHELBY_TN-00009
SHELBY_TN:SHELBY_TN-00010
HARRIS_TX:HARRIS_TX-00001
HARRIS_TX:HARRIS_TX-00002
HARRIS_TX:HARRIS_TX-00003
HARRIS_TX:HARRIS_TX-00004
HARRIS_TX:HARRIS_TX-00005
HARRIS_TX:HARRIS_TX-00006
HARRIS_TX:HARRIS_TX-00007
HARRIS_TX:HARRIS_TX-00008
HARRIS_TX:HARRIS_TX-00009
HARRIS_TX:HARRIS_TX-00010
JEFFERSON_AL:JEFFERSON_AL-00001
JEFFERSON_AL:JEFFERSON_AL-00002
JEFFERSON_AL:JEFFERSON_AL-00003
JEFFERSON_AL:JEFFERSON_AL-00004
JEFFERSON_AL:JEFFERSON_AL-00005
JEFFERSON_AL:JEFFERSON_AL-00006
JEFFERSON_AL:JEFFERSON_AL-00007
JEFFERSON_AL:JEFFERSON_AL-00008
JEFFERSON_AL:JEFFERSON_AL-00009
JEFFERSON_AL:JEFFERSON_AL-00010
DUVAL_FL:DUVAL_FL-00001
DUVAL_FL:DUVAL_FL-00002
DUVAL_FL:DUVAL_FL-00003
DUVAL_FL:DUVAL_FL-00004
DUVAL_FL:DUVAL_FL-00005
DUVAL_FL:DUVAL_FL-00006
DUVAL_FL:DUVAL_FL-00007
DUVAL_FL:DUVAL_FL-00008
DUVAL_FL:DUVAL_FL-00009
DUVAL_FL:DUVAL_FL-00010
